<?xml version="1.0" encoding="utf-8"?><testsuites><testsuite name="pytest" errors="0" failures="0" skipped="0" tests="6" time="22.084" timestamp="2024-03-18T16:47:01.105048" hostname="DESKTOP-FMGV78G"><testcase classname="test.test_add_group" name="test_add_group[None:; ; ]" time="11.213" /><testcase classname="test.test_add_group" name="test_add_group[None:namerlm; headergk3tC tW; footeraPztqIlPtz]" time="1.766" /><testcase classname="test.test_add_group" name="test_add_group[None:nameLddvO068m; headerggCVRH  csTb; footerxa5NG3Mpd3nQj]" time="1.715" /><testcase classname="test.test_add_group" name="test_add_group[None:namex8wAjsZ0; headerMNxRymW1GmGnGqS; footerNx1FBTRm9qX7 sbf]" time="1.790" /><testcase classname="test.test_add_group" name="test_add_group[None:namerK9jJC; headerGNuCuOOSjfNOH7FBx; footerIF]" time="1.707" /><testcase classname="test.test_add_group" name="test_add_group[None:nameBxzoQGc; headerhntrR5gE NXL4TH; footerlQ]" time="3.807" /></testsuite></testsuites>